// Vitest Snapshot v1, https://vitest.dev/guide/snapshot.html

exports[`day 07 > answer p1 1`] = `250120186`;

exports[`day 07 > can sort bets 1`] = `
[
  765,
  220,
  28,
  684,
  483,
]
`;

exports[`day 07 > can sort games 1`] = `
[
  {
    "bet": 765,
    "cards": "32T3K",
    "cardsInOrder": [
      "3",
      "2",
      "T",
      "3",
      "K",
    ],
    "grouped": {
      "2": 1,
      "3": 2,
      "K": 1,
      "T": 1,
    },
    "value": 1,
  },
  {
    "bet": 220,
    "cards": "KTJJT",
    "cardsInOrder": [
      "K",
      "T",
      "J",
      "J",
      "T",
    ],
    "grouped": {
      "J": 2,
      "K": 1,
      "T": 2,
    },
    "value": 2,
  },
  {
    "bet": 28,
    "cards": "KK677",
    "cardsInOrder": [
      "K",
      "K",
      "6",
      "7",
      "7",
    ],
    "grouped": {
      "6": 1,
      "7": 2,
      "K": 2,
    },
    "value": 2,
  },
  {
    "bet": 684,
    "cards": "T55J5",
    "cardsInOrder": [
      "T",
      "5",
      "5",
      "J",
      "5",
    ],
    "grouped": {
      "5": 3,
      "J": 1,
      "T": 1,
    },
    "value": 3,
  },
  {
    "bet": 483,
    "cards": "QQQJA",
    "cardsInOrder": [
      "Q",
      "Q",
      "Q",
      "J",
      "A",
    ],
    "grouped": {
      "A": 1,
      "J": 1,
      "Q": 3,
    },
    "value": 3,
  },
]
`;
