// Vitest Snapshot v1, https://vitest.dev/guide/snapshot.html

exports[`day 04 > can create new Game 1`] = `
Game {
  "game": 1,
  "parsed": [
    "Card 1: 41 48 83 86 17 | 83 86  6 31 17  9 48 53",
    "1",
    "41 48 83 86 17",
    "83 86  6 31 17  9 48 53",
  ],
  "players": [
    83,
    86,
    6,
    31,
    17,
    9,
    48,
    53,
  ],
  "str": "Card 1: 41 48 83 86 17 | 83 86  6 31 17  9 48 53",
  "winners": [
    41,
    48,
    83,
    86,
    17,
  ],
}
`;

exports[`day 04 > can create new Games 1`] = `
Games {
  "games": [
    Game {
      "game": 1,
      "parsed": [
        "Card 1: 41 48 83 86 17 | 83 86  6 31 17  9 48 53",
        "1",
        "41 48 83 86 17",
        "83 86  6 31 17  9 48 53",
      ],
      "players": [
        83,
        86,
        6,
        31,
        17,
        9,
        48,
        53,
      ],
      "str": "Card 1: 41 48 83 86 17 | 83 86  6 31 17  9 48 53",
      "winners": [
        41,
        48,
        83,
        86,
        17,
      ],
    },
    Game {
      "game": 2,
      "parsed": [
        "Card 2: 13 32 20 16 61 | 61 30 68 82 17 32 24 19",
        "2",
        "13 32 20 16 61",
        "61 30 68 82 17 32 24 19",
      ],
      "players": [
        61,
        30,
        68,
        82,
        17,
        32,
        24,
        19,
      ],
      "str": "Card 2: 13 32 20 16 61 | 61 30 68 82 17 32 24 19",
      "winners": [
        13,
        32,
        20,
        16,
        61,
      ],
    },
    Game {
      "game": 3,
      "parsed": [
        "Card 3:  1 21 53 59 44 | 69 82 63 72 16 21 14  1",
        "3",
        " 1 21 53 59 44",
        "69 82 63 72 16 21 14  1",
      ],
      "players": [
        69,
        82,
        63,
        72,
        16,
        21,
        14,
        1,
      ],
      "str": "Card 3:  1 21 53 59 44 | 69 82 63 72 16 21 14  1",
      "winners": [
        NaN,
        1,
        21,
        53,
        59,
        44,
      ],
    },
    Game {
      "game": 4,
      "parsed": [
        "Card 4: 41 92 73 84 69 | 59 84 76 51 58  5 54 83",
        "4",
        "41 92 73 84 69",
        "59 84 76 51 58  5 54 83",
      ],
      "players": [
        59,
        84,
        76,
        51,
        58,
        5,
        54,
        83,
      ],
      "str": "Card 4: 41 92 73 84 69 | 59 84 76 51 58  5 54 83",
      "winners": [
        41,
        92,
        73,
        84,
        69,
      ],
    },
    Game {
      "game": 5,
      "parsed": [
        "Card 5: 87 83 26 28 32 | 88 30 70 12 93 22 82 36",
        "5",
        "87 83 26 28 32",
        "88 30 70 12 93 22 82 36",
      ],
      "players": [
        88,
        30,
        70,
        12,
        93,
        22,
        82,
        36,
      ],
      "str": "Card 5: 87 83 26 28 32 | 88 30 70 12 93 22 82 36",
      "winners": [
        87,
        83,
        26,
        28,
        32,
      ],
    },
    Game {
      "game": 6,
      "parsed": [
        "Card 6: 31 18 13 56 72 | 74 77 10 23 35 67 36 11",
        "6",
        "31 18 13 56 72",
        "74 77 10 23 35 67 36 11",
      ],
      "players": [
        74,
        77,
        10,
        23,
        35,
        67,
        36,
        11,
      ],
      "str": "Card 6: 31 18 13 56 72 | 74 77 10 23 35 67 36 11",
      "winners": [
        31,
        18,
        13,
        56,
        72,
      ],
    },
  ],
  "str": "Card 1: 41 48 83 86 17 | 83 86  6 31 17  9 48 53
Card 2: 13 32 20 16 61 | 61 30 68 82 17 32 24 19
Card 3:  1 21 53 59 44 | 69 82 63 72 16 21 14  1
Card 4: 41 92 73 84 69 | 59 84 76 51 58  5 54 83
Card 5: 87 83 26 28 32 | 88 30 70 12 93 22 82 36
Card 6: 31 18 13 56 72 | 74 77 10 23 35 67 36 11",
}
`;

exports[`day 04 > can get game wins 1`] = `
[
  83,
  86,
  17,
  48,
]
`;

exports[`day 04 > can get total wins 1`] = `
[
  8,
  2,
  2,
  1,
  0,
  0,
]
`;
